src/App.tsx(17,24): error TS2559: Type '{ children: Element; }' has no properties in common with type 'IntrinsicAttributes'.
src/app/providers.tsx(3,24): error TS6133: 'useAuth' is declared but its value is never read.
src/app/providers.tsx(6,31): error TS6133: 'useEffect' is declared but its value is never read.
src/app/routes.tsx(3,10): error TS2305: Module '"./layout"' has no exported member 'Layout'.
src/app/routes.tsx(5,10): error TS2614: Module '"@/shared/api/client"' has no exported member 'queryClient'. Did you mean to use 'import queryClient from "@/shared/api/client"' instead?
src/app/routes.tsx(38,32): error TS6133: 'allowedRoles' is declared but its value is never read.
src/components/ui/alert.tsx(8,17): error TS2339: Property 'variant' does not exist on type 'HTMLAttributes<HTMLDivElement>'.
src/components/ui/toaster.tsx(2,3): error TS6133: 'Toast' is declared but its value is never read.
src/components/ui/toaster.tsx(3,3): error TS6133: 'ToastClose' is declared but its value is never read.
src/components/ui/toaster.tsx(4,3): error TS6133: 'ToastDescription' is declared but its value is never read.
src/components/ui/toaster.tsx(6,3): error TS6133: 'ToastTitle' is declared but its value is never read.
src/features/auth/hooks/useAuth.tsx(29,24): error TS2339: Property 'data' does not exist on type 'User'.
src/features/auth/hooks/useAuth.tsx(42,51): error TS2339: Property 'data' does not exist on type '{ access_token: string; refresh_token: string; user: User; }'.
src/features/auth/hooks/useAuth.tsx(43,52): error TS2339: Property 'data' does not exist on type '{ access_token: string; refresh_token: string; user: User; }'.
src/features/auth/hooks/useAuth.tsx(44,22): error TS2339: Property 'data' does not exist on type '{ access_token: string; refresh_token: string; user: User; }'.
src/features/auth/pages/LoginPage.tsx(62,22): error TS2322: Type '{ children: Element; variant: string; className: string; }' is not assignable to type 'IntrinsicAttributes & HTMLAttributes<HTMLDivElement> & RefAttributes<HTMLDivElement>'.
  Property 'variant' does not exist on type 'IntrinsicAttributes & HTMLAttributes<HTMLDivElement> & RefAttributes<HTMLDivElement>'.
src/features/auth/pages/ProfilePage.tsx(8,29): error TS6133: 'CardDescription' is declared but its value is never read.
src/features/auth/pages/ProfilePage.tsx(8,58): error TS6133: 'CardTitle' is declared but its value is never read.
src/features/auth/pages/ProfilePage.tsx(9,1): error TS6192: All imports in import declaration are unused.
src/features/auth/pages/ProfilePage.tsx(13,16): error TS6133: 'UserUpdate' is declared but its value is never read.
src/features/auth/pages/ProfilePage.tsx(37,21): error TS6133: 'setActiveTab' is declared but its value is never read.
src/features/auth/pages/RegisterPage.tsx(69,22): error TS2322: Type '{ children: Element; variant: string; className: string; }' is not assignable to type 'IntrinsicAttributes & HTMLAttributes<HTMLDivElement> & RefAttributes<HTMLDivElement>'.
  Property 'variant' does not exist on type 'IntrinsicAttributes & HTMLAttributes<HTMLDivElement> & RefAttributes<HTMLDivElement>'.
src/features/customers/components/CustomerForm.tsx(175,13): error TS2322: Type 'void' is not assignable to type '((value: string) => void) | undefined'.
src/features/customers/components/CustomerForm.tsx(175,33): error TS2554: Expected 2-3 arguments, but got 1.
src/features/customers/components/CustomerForm.tsx(203,13): error TS2322: Type 'void' is not assignable to type '((value: string) => void) | undefined'.
src/features/customers/components/CustomerForm.tsx(203,33): error TS2554: Expected 2-3 arguments, but got 1.
src/features/customers/components/CustomerForm.tsx(231,13): error TS2322: Type 'void' is not assignable to type '((value: string) => void) | undefined'.
src/features/customers/components/CustomerForm.tsx(231,33): error TS2554: Expected 2-3 arguments, but got 1.
src/features/customers/pages/CustomerDetailPage.tsx(7,1): error TS6133: 'Separator' is declared but its value is never read.
src/features/customers/pages/CustomerDetailPage.tsx(8,85): error TS6133: 'MessageSquare' is declared but its value is never read.
src/features/customers/pages/CustomerDetailPage.tsx(130,14): error TS2552: Cannot find name 'Skeleton'. Did you mean 'Selection'?
src/features/customers/pages/CustomerDetailPage.tsx(131,14): error TS2552: Cannot find name 'Skeleton'. Did you mean 'Selection'?
src/features/customers/pages/CustomerDetailPage.tsx(133,12): error TS2552: Cannot find name 'Skeleton'. Did you mean 'Selection'?
src/features/customers/pages/CustomerDetailPage.tsx(139,18): error TS2552: Cannot find name 'Skeleton'. Did you mean 'Selection'?
src/features/customers/pages/CustomerDetailPage.tsx(140,18): error TS2552: Cannot find name 'Skeleton'. Did you mean 'Selection'?
src/features/customers/pages/CustomerDetailPage.tsx(157,22): error TS2552: Cannot find name 'Skeleton'. Did you mean 'Selection'?
src/features/customers/pages/CustomerDetailPage.tsx(158,22): error TS2552: Cannot find name 'Skeleton'. Did you mean 'Selection'?
src/features/customers/pages/CustomersPage.tsx(3,24): error TS6133: 'Filter' is declared but its value is never read.
src/features/customers/pages/CustomersPage.tsx(33,1): error TS6133: 'format' is declared but its value is never read.
src/features/dashboard/pages/DashboardPage.tsx(109,9): error TS6133: 'getActivityColor' is declared but its value is never read.
src/features/dashboard/pages/DashboardPage.tsx(208,37): error TS6133: 'kpiLoading' is declared but its value is never read.
src/features/emails/components/EmailForm.tsx(9,1): error TS6133: 'Label' is declared but its value is never read.
src/features/emails/components/EmailForm.tsx(11,1): error TS6133: 'DialogClose' is declared but its value is never read.
src/features/emails/components/EmailForm.tsx(77,45): error TS2339: Property 'useFieldArray' does not exist on type 'UseFormReturn<{ status: string; body: string; direction: string; subject: string; from_email: string; to_emails: string[]; related_type?: string | undefined; related_id?: string | undefined; cc_emails?: string[] | undefined; bcc_emails?: string[] | undefined; }, any, { ...; }>'.
src/features/emails/components/EmailForm.tsx(83,26): error TS7006: Parameter 'field' implicitly has an 'any' type.
src/features/emails/components/EmailForm.tsx(83,33): error TS7006: Parameter 'index' implicitly has an 'any' type.
src/features/emails/components/EmailForm.tsx(87,37): error TS2345: Argument of type '`${string}.${any}`' is not assignable to parameter of type '"status" | "body" | "direction" | "related_type" | "related_id" | "subject" | "from_email" | "to_emails" | "cc_emails" | "bcc_emails" | `to_emails.${number}` | `cc_emails.${number}` | `bcc_emails.${number}`'.
src/features/emails/components/EmailForm.tsx(110,16): error TS2304: Cannot find name 'Plus'.
src/features/emails/pages/EmailsPage.tsx(10,1): error TS6192: All imports in import declaration are unused.
src/features/emails/pages/EmailsPage.tsx(11,24): error TS6133: 'Filter' is declared but its value is never read.
src/features/emails/pages/EmailsPage.tsx(11,56): error TS6133: 'MoreHorizontal' is declared but its value is never read.
src/features/emails/pages/EmailsPage.tsx(11,110): error TS6133: 'Reply' is declared but its value is never read.
src/features/emails/pages/EmailsPage.tsx(11,117): error TS6133: 'Forward' is declared but its value is never read.
src/features/emails/pages/EmailsPage.tsx(11,126): error TS6133: 'Paperclip' is declared but its value is never read.
src/features/emails/pages/EmailsPage.tsx(11,137): error TS6133: 'Star' is declared but its value is never read.
src/features/emails/pages/EmailsPage.tsx(13,1): error TS6133: 'useForm' is declared but its value is never read.
src/features/emails/pages/EmailsPage.tsx(14,1): error TS6133: 'zodResolver' is declared but its value is never read.
src/features/emails/pages/EmailsPage.tsx(424,21): error TS2322: Type 'number' is not assignable to type 'string'.
src/features/emails/pages/EmailsPage.tsx(436,16): error TS2304: Cannot find name 'ChevronLeft'.
src/features/emails/pages/EmailsPage.tsx(439,16): error TS2304: Cannot find name 'ChevronRight'.
src/features/emails/pages/EmailsPage.tsx(452,15): error TS2322: Type 'Email' is not assignable to type 'Partial<{ status: string; body: string; direction: string; subject: string; from_email: string; to_emails: string[]; related_type?: string | undefined; related_id?: string | undefined; cc_emails?: string[] | undefined; bcc_emails?: string[] | undefined; }>'.
  Types of property 'related_type' are incompatible.
    Type 'string | null' is not assignable to type 'string | undefined'.
      Type 'null' is not assignable to type 'string | undefined'.
src/features/leads/components/LeadForm.tsx(9,1): error TS6133: 'Label' is declared but its value is never read.
src/features/leads/components/LeadForm.tsx(11,1): error TS6133: 'DialogClose' is declared but its value is never read.
src/features/leads/pages/LeadDetailPage.tsx(7,24): error TS6133: 'Plus' is declared but its value is never read.
src/features/leads/pages/LeadDetailPage.tsx(7,43): error TS6133: 'MapPin' is declared but its value is never read.
src/features/leads/pages/LeadDetailPage.tsx(7,85): error TS6133: 'MessageSquare' is declared but its value is never read.
src/features/leads/pages/LeadDetailPage.tsx(15,1): error TS6133: 'Link' is declared but its value is never read.
src/features/leads/pages/LeadsPage.tsx(10,1): error TS6192: All imports in import declaration are unused.
src/features/leads/pages/LeadsPage.tsx(11,24): error TS6133: 'Filter' is declared but its value is never read.
src/features/leads/pages/LeadsPage.tsx(11,56): error TS6133: 'MoreHorizontal' is declared but its value is never read.
src/features/leads/pages/LeadsPage.tsx(13,1): error TS6133: 'useForm' is declared but its value is never read.
src/features/leads/pages/LeadsPage.tsx(14,1): error TS6133: 'zodResolver' is declared but its value is never read.
src/features/leads/pages/LeadsPage.tsx(425,21): error TS2322: Type 'number' is not assignable to type 'string'.
src/features/leads/pages/LeadsPage.tsx(437,16): error TS2304: Cannot find name 'ChevronLeft'.
src/features/leads/pages/LeadsPage.tsx(440,16): error TS2304: Cannot find name 'ChevronRight'.
src/features/opportunities/components/OpportunityForm.tsx(9,1): error TS6133: 'Label' is declared but its value is never read.
src/features/opportunities/components/OpportunityForm.tsx(11,1): error TS6133: 'DialogClose' is declared but its value is never read.
src/features/opportunities/pages/OpportunitiesPage.tsx(10,1): error TS6192: All imports in import declaration are unused.
src/features/opportunities/pages/OpportunitiesPage.tsx(11,24): error TS6133: 'Filter' is declared but its value is never read.
src/features/opportunities/pages/OpportunitiesPage.tsx(11,56): error TS6133: 'MoreHorizontal' is declared but its value is never read.
src/features/opportunities/pages/OpportunitiesPage.tsx(13,1): error TS6133: 'useForm' is declared but its value is never read.
src/features/opportunities/pages/OpportunitiesPage.tsx(14,1): error TS6133: 'zodResolver' is declared but its value is never read.
src/features/opportunities/pages/OpportunitiesPage.tsx(402,21): error TS2322: Type 'number' is not assignable to type 'string'.
src/features/opportunities/pages/OpportunitiesPage.tsx(414,16): error TS2304: Cannot find name 'ChevronLeft'.
src/features/opportunities/pages/OpportunitiesPage.tsx(417,16): error TS2304: Cannot find name 'ChevronRight'.
src/features/opportunities/pages/OpportunitiesPage.tsx(430,15): error TS2322: Type 'Opportunity' is not assignable to type 'Partial<{ value: number; name: string; customer_id: string; stage: string; probability: number; expected_close_date: string; notes?: string | undefined; assigned_to?: string | undefined; lead_id?: string | undefined; }>'.
  Types of property 'lead_id' are incompatible.
    Type 'string | null' is not assignable to type 'string | undefined'.
      Type 'null' is not assignable to type 'string | undefined'.
src/features/opportunities/pages/OpportunityDetailPage.tsx(7,24): error TS6133: 'Plus' is declared but its value is never read.
src/features/opportunities/pages/OpportunityDetailPage.tsx(7,43): error TS6133: 'MapPin' is declared but its value is never read.
src/features/opportunities/pages/OpportunityDetailPage.tsx(7,85): error TS6133: 'MessageSquare' is declared but its value is never read.
src/features/opportunities/pages/OpportunityDetailPage.tsx(7,131): error TS6133: 'ChevronDown' is declared but its value is never read.
src/features/opportunities/pages/OpportunityDetailPage.tsx(7,144): error TS6133: 'ChevronUp' is declared but its value is never read.
src/features/opportunities/pages/OpportunityDetailPage.tsx(14,1): error TS6133: 'Link' is declared but its value is never read.
src/features/opportunities/pages/OpportunityDetailPage.tsx(188,17): error TS2322: Type 'Opportunity' is not assignable to type 'Partial<{ value: number; name: string; customer_id: string; stage: string; probability: number; expected_close_date: string; notes?: string | undefined; assigned_to?: string | undefined; lead_id?: string | undefined; }>'.
  Types of property 'lead_id' are incompatible.
    Type 'string | null' is not assignable to type 'string | undefined'.
      Type 'null' is not assignable to type 'string | undefined'.
src/features/reports/pages/ReportsPage.tsx(6,68): error TS6133: 'Users' is declared but its value is never read.
src/features/reports/pages/ReportsPage.tsx(7,55): error TS6133: 'eachMonthOfInterval' is declared but its value is never read.
src/features/reports/pages/ReportsPage.tsx(106,56): error TS6133: 'color' is declared but its value is never read.
src/features/reports/pages/ReportsPage.tsx(171,38): error TS2322: Type 'Dispatch<SetStateAction<"leads" | "revenue" | "sales">>' is not assignable to type '(value: string) => void'.
  Types of parameters 'value' and 'value' are incompatible.
    Type 'string' is not assignable to type 'SetStateAction<"leads" | "revenue" | "sales">'.
src/features/settings/pages/CompanyProfilePage.tsx(1,1): error TS6133: 'useState' is declared but its value is never read.
src/features/settings/pages/CompanyProfilePage.tsx(6,1): error TS6133: 'Label' is declared but its value is never read.
src/features/settings/pages/CompanyProfilePage.tsx(9,36): error TS6133: 'Mail' is declared but its value is never read.
src/features/settings/pages/CompanyProfilePage.tsx(9,42): error TS6133: 'Phone' is declared but its value is never read.
src/features/settings/pages/CompanyProfilePage.tsx(9,49): error TS6133: 'Globe' is declared but its value is never read.
src/features/settings/pages/CompanyProfilePage.tsx(9,56): error TS6133: 'MapPin' is declared but its value is never read.
src/features/settings/pages/CompanyProfilePage.tsx(9,64): error TS6133: 'Clock' is declared but its value is never read.
src/features/settings/pages/CompanyProfilePage.tsx(9,71): error TS6133: 'DollarSign' is declared but its value is never read.
src/features/settings/pages/CompanyProfilePage.tsx(9,83): error TS6133: 'Calendar' is declared but its value is never read.
src/features/settings/pages/CompanyProfilePage.tsx(67,17): error TS6133: 'company' is declared but its value is never read.
src/features/settings/pages/SettingsPage.tsx(7,1): error TS6133: 'Label' is declared but its value is never read.
src/features/settings/pages/SettingsPage.tsx(13,71): error TS6133: 'Key' is declared but its value is never read.
src/features/settings/pages/SettingsPage.tsx(13,76): error TS6133: 'Mail' is declared but its value is never read.
src/features/settings/pages/SettingsPage.tsx(13,82): error TS6133: 'Phone' is declared but its value is never read.
src/features/settings/pages/SettingsPage.tsx(13,89): error TS6133: 'Globe' is declared but its value is never read.
src/features/settings/pages/SettingsPage.tsx(13,96): error TS6133: 'MapPin' is declared but its value is never read.
src/features/settings/pages/SettingsPage.tsx(131,17): error TS6133: 'company' is declared but its value is never read.
src/features/settings/pages/TeamsPage.tsx(6,1): error TS6133: 'Label' is declared but its value is never read.
src/features/settings/pages/TeamsPage.tsx(12,30): error TS6133: 'Save' is declared but its value is never read.
src/features/settings/pages/TeamsPage.tsx(350,22): error TS2740: Type '{ children: Element; }' is missing the following properties from type 'UseFormReturn<FieldValues, any, FieldValues>': watch, getValues, getFieldState, setError, and 14 more.
src/features/settings/pages/UsersPage.tsx(6,1): error TS6133: 'Label' is declared but its value is never read.
src/features/settings/pages/UsersPage.tsx(12,10): error TS6133: 'Plus' is declared but its value is never read.
src/features/settings/pages/UsersPage.tsx(12,30): error TS6133: 'Save' is declared but its value is never read.
src/features/tasks/components/TaskForm.tsx(9,1): error TS6133: 'Label' is declared but its value is never read.
src/features/tasks/components/TaskForm.tsx(11,1): error TS6133: 'DialogClose' is declared but its value is never read.
src/features/tasks/components/TaskForm.tsx(220,58): error TS2322: Type 'string | null | undefined' is not assignable to type 'string | undefined'.
  Type 'null' is not assignable to type 'string | undefined'.
src/features/tasks/components/TaskForm.tsx(244,20): error TS2322: Type '{ onChange: (...event: any[]) => void; onBlur: Noop; value: string | null | undefined; disabled?: boolean | undefined; name: "related_id"; ref: RefCallBack; placeholder: string; }' is not assignable to type 'InputProps'.
  Types of property 'value' are incompatible.
    Type 'string | null | undefined' is not assignable to type 'string | number | readonly string[] | undefined'.
      Type 'null' is not assignable to type 'string | number | readonly string[] | undefined'.
src/features/tasks/pages/TasksPage.tsx(10,1): error TS6192: All imports in import declaration are unused.
src/features/tasks/pages/TasksPage.tsx(11,24): error TS6133: 'Filter' is declared but its value is never read.
src/features/tasks/pages/TasksPage.tsx(11,56): error TS6133: 'MoreHorizontal' is declared but its value is never read.
src/features/tasks/pages/TasksPage.tsx(11,134): error TS6133: 'XCircle' is declared but its value is never read.
src/features/tasks/pages/TasksPage.tsx(13,1): error TS6133: 'useForm' is declared but its value is never read.
src/features/tasks/pages/TasksPage.tsx(14,1): error TS6133: 'zodResolver' is declared but its value is never read.
src/shared/api/client.ts(4,29): error TS2339: Property 'env' does not exist on type 'ImportMeta'.
src/shared/components/layout/sidebar.tsx(53,71): error TS2353: Object literal may only specify known properties, and 'children' does not exist in type '{ name: string; href: string; icon: LucideIcon; }'.
src/shared/components/layout/sidebar.tsx(69,14): error TS2604: JSX element type 'Link' does not have any construct or call signatures.
src/shared/components/layout/sidebar.tsx(69,14): error TS2786: 'Link' cannot be used as a JSX component.
  Its type 'typeof import("C:/Users/Lenovo/Downloads/CRM/frontend/node_modules/react-router-dom/dist/index")' is not a valid JSX element type.
src/shared/components/layout/sidebar.tsx(90,22): error TS2339: Property 'children' does not exist on type '{ name: string; href: string; icon: LucideIcon; }'.
src/shared/components/layout/sidebar.tsx(96,25): error TS2339: Property 'children' does not exist on type '{ name: string; href: string; icon: LucideIcon; }'.
src/shared/components/layout/sidebar.tsx(96,39): error TS7006: Parameter 'child' implicitly has an 'any' type.
src/shared/components/layout/sidebar.tsx(112,62): error TS2551: Property 'fullName' does not exist on type 'User'. Did you mean 'full_name'?
src/shared/components/layout/sidebar.tsx(113,42): error TS2551: Property 'fullName' does not exist on type 'User'. Did you mean 'full_name'?
src/shared/components/layout/sidebar.tsx(117,72): error TS2551: Property 'fullName' does not exist on type 'User'. Did you mean 'full_name'?
src/shared/components/layout/sidebar.tsx(125,18): error TS2604: JSX element type 'Link' does not have any construct or call signatures.
src/shared/components/layout/sidebar.tsx(125,18): error TS2786: 'Link' cannot be used as a JSX component.
  Its type 'typeof import("C:/Users/Lenovo/Downloads/CRM/frontend/node_modules/react-router-dom/dist/index")' is not a valid JSX element type.
src/shared/components/layout/sidebar.tsx(130,18): error TS2604: JSX element type 'Link' does not have any construct or call signatures.
src/shared/components/layout/sidebar.tsx(130,18): error TS2786: 'Link' cannot be used as a JSX component.
  Its type 'typeof import("C:/Users/Lenovo/Downloads/CRM/frontend/node_modules/react-router-dom/dist/index")' is not a valid JSX element type.
src/shared/components/layout/sidebar.tsx(155,6): error TS2604: JSX element type 'Link' does not have any construct or call signatures.
src/shared/components/layout/sidebar.tsx(155,6): error TS2786: 'Link' cannot be used as a JSX component.
  Its type 'typeof import("C:/Users/Lenovo/Downloads/CRM/frontend/node_modules/react-router-dom/dist/index")' is not a valid JSX element type.
